Collecting transformers
  Downloading transformers-5.13.0-py3-none-any.whl.metadata (32 kB)
Collecting accelerate
  Downloading accelerate-1.14.0-py3-none-any.whl.metadata (19 kB)
Collecting safetensors
  Downloading safetensors-0.8.0-cp310-abi3-win_amd64.whl.metadata (4.2 kB)
Collecting pyarrow
  Downloading pyarrow-24.0.0-cp312-cp312-win_amd64.whl.metadata (3.0 kB)
Collecting numpy
  Downloading numpy-2.5.1-cp312-cp312-win_amd64.whl.metadata (6.6 kB)
Collecting matplotlib
  Downloading matplotlib-3.11.0-cp312-cp312-win_amd64.whl.metadata (80 kB)
Collecting tqdm
  Downloading tqdm-4.68.3-py3-none-any.whl.metadata (57 kB)
Collecting pandas
  Downloading pandas-3.0.3-cp312-cp312-win_amd64.whl.metadata (19 kB)
Collecting pyyaml
  Downloading pyyaml-6.0.3-cp312-cp312-win_amd64.whl.metadata (2.4 kB)
Collecting huggingface-hub<2.0,>=1.5.0 (from transformers)
  Downloading huggingface_hub-1.22.0-py3-none-any.whl.metadata (14 kB)
Collecting packaging>=20.0 (from transformers)
  Downloading packaging-26.2-py3-none-any.whl.metadata (3.5 kB)
Collecting regex>=2025.10.22 (from transformers)
  Downloading regex-2026.6.28-cp312-cp312-win_amd64.whl.metadata (41 kB)
Collecting tokenizers<=0.23.0,>=0.22.0 (from transformers)
  Using cached tokenizers-0.22.2-cp39-abi3-win_amd64.whl.metadata (7.4 kB)
Collecting typer (from transformers)
  Downloading typer-0.26.8-py3-none-any.whl.metadata (15 kB)
Collecting click<9.0.0,>=8.4.2 (from huggingface-hub<2.0,>=1.5.0->transformers)
  Downloading click-8.4.2-py3-none-any.whl.metadata (2.6 kB)
Requirement already satisfied: filelock>=3.10.0 in .\.venv\Lib\site-packages (from huggingface-hub<2.0,>=1.5.0->transformers) (3.29.0)
Requirement already satisfied: fsspec>=2023.5.0 in .\.venv\Lib\site-packages (from huggingface-hub<2.0,>=1.5.0->transformers) (2026.4.0)
Collecting hf-xet<2.0.0,>=1.5.1 (from huggingface-hub<2.0,>=1.5.0->transformers)
  Downloading hf_xet-1.5.1-cp37-abi3-win_amd64.whl.metadata (4.9 kB)
Collecting httpx<1,>=0.23.0 (from huggingface-hub<2.0,>=1.5.0->transformers)
  Using cached httpx-0.28.1-py3-none-any.whl.metadata (7.1 kB)
Requirement already satisfied: typing-extensions>=4.1.0 in .\.venv\Lib\site-packages (from huggingface-hub<2.0,>=1.5.0->transformers) (4.15.0)
Collecting colorama (from click<9.0.0,>=8.4.2->huggingface-hub<2.0,>=1.5.0->transformers)
  Using cached colorama-0.4.6-py2.py3-none-any.whl.metadata (17 kB)
Collecting anyio (from httpx<1,>=0.23.0->huggingface-hub<2.0,>=1.5.0->transformers)
  Downloading anyio-4.14.1-py3-none-any.whl.metadata (4.6 kB)
Collecting certifi (from httpx<1,>=0.23.0->huggingface-hub<2.0,>=1.5.0->transformers)
  Downloading certifi-2026.6.17-py3-none-any.whl.metadata (2.5 kB)
Collecting httpcore==1.* (from httpx<1,>=0.23.0->huggingface-hub<2.0,>=1.5.0->transformers)
  Using cached httpcore-1.0.9-py3-none-any.whl.metadata (21 kB)
Collecting idna (from httpx<1,>=0.23.0->huggingface-hub<2.0,>=1.5.0->transformers)
  Downloading idna-3.18-py3-none-any.whl.metadata (6.1 kB)
Collecting h11>=0.16 (from httpcore==1.*->httpx<1,>=0.23.0->huggingface-hub<2.0,>=1.5.0->transformers)
  Using cached h11-0.16.0-py3-none-any.whl.metadata (8.3 kB)
Collecting psutil (from accelerate)
  Downloading psutil-7.2.2-cp37-abi3-win_amd64.whl.metadata (22 kB)
Requirement already satisfied: torch>=2.0.0 in .\.venv\Lib\site-packages (from accelerate) (2.6.0+cu124)
Collecting contourpy>=1.0.1 (from matplotlib)
  Downloading contourpy-1.3.3-cp312-cp312-win_amd64.whl.metadata (5.5 kB)
Collecting cycler>=0.10 (from matplotlib)
  Using cached cycler-0.12.1-py3-none-any.whl.metadata (3.8 kB)
Collecting fonttools>=4.22.0 (from matplotlib)
  Downloading fonttools-4.63.0-cp312-cp312-win_amd64.whl.metadata (121 kB)
Collecting kiwisolver>=1.3.1 (from matplotlib)
  Downloading kiwisolver-1.5.0-cp312-cp312-win_amd64.whl.metadata (5.2 kB)
Collecting pillow>=9 (from matplotlib)
  Downloading pillow-12.3.0-cp312-cp312-win_amd64.whl.metadata (9.3 kB)
Collecting pyparsing>=3 (from matplotlib)
  Downloading pyparsing-3.3.2-py3-none-any.whl.metadata (5.8 kB)
Collecting python-dateutil>=2.7 (from matplotlib)
  Using cached python_dateutil-2.9.0.post0-py2.py3-none-any.whl.metadata (8.4 kB)
Collecting tzdata (from pandas)
  Downloading tzdata-2026.2-py2.py3-none-any.whl.metadata (1.4 kB)
Collecting six>=1.5 (from python-dateutil>=2.7->matplotlib)
  Using cached six-1.17.0-py2.py3-none-any.whl.metadata (1.7 kB)
Requirement already satisfied: networkx in .\.venv\Lib\site-packages (from torch>=2.0.0->accelerate) (3.6.1)
Requirement already satisfied: jinja2 in .\.venv\Lib\site-packages (from torch>=2.0.0->accelerate) (3.1.6)
Requirement already satisfied: setuptools in .\.venv\Lib\site-packages (from torch>=2.0.0->accelerate) (70.2.0)
Requirement already satisfied: sympy==1.13.1 in .\.venv\Lib\site-packages (from torch>=2.0.0->accelerate) (1.13.1)
Requirement already satisfied: mpmath<1.4,>=1.1.0 in .\.venv\Lib\site-packages (from sympy==1.13.1->torch>=2.0.0->accelerate) (1.3.0)
Requirement already satisfied: MarkupSafe>=2.0 in .\.venv\Lib\site-packages (from jinja2->torch>=2.0.0->accelerate) (3.0.3)
Collecting shellingham>=1.3.0 (from typer->transformers)
  Using cached shellingham-1.5.4-py2.py3-none-any.whl.metadata (3.5 kB)
Collecting rich>=13.8.0 (from typer->transformers)
  Downloading rich-15.0.0-py3-none-any.whl.metadata (18 kB)
Collecting annotated-doc>=0.0.2 (from typer->transformers)
  Using cached annotated_doc-0.0.4-py3-none-any.whl.metadata (6.6 kB)
Collecting markdown-it-py>=2.2.0 (from rich>=13.8.0->typer->transformers)
  Downloading markdown_it_py-4.2.0-py3-none-any.whl.metadata (7.4 kB)
Collecting pygments<3.0.0,>=2.13.0 (from rich>=13.8.0->typer->transformers)
  Downloading pygments-2.20.0-py3-none-any.whl.metadata (2.5 kB)
Collecting mdurl~=0.1 (from markdown-it-py>=2.2.0->rich>=13.8.0->typer->transformers)
  Using cached mdurl-0.1.2-py3-none-any.whl.metadata (1.6 kB)
Downloading transformers-5.13.0-py3-none-any.whl (11.5 MB)
   ---------------------------------------- 11.5/11.5 MB 5.3 MB/s  0:00:02
Downloading huggingface_hub-1.22.0-py3-none-any.whl (765 kB)
   ---------------------------------------- 765.1/765.1 kB 6.4 MB/s  0:00:00
Downloading click-8.4.2-py3-none-any.whl (119 kB)
Downloading hf_xet-1.5.1-cp37-abi3-win_amd64.whl (4.0 MB)
   ---------------------------------------- 4.0/4.0 MB 8.0 MB/s  0:00:00
Using cached httpx-0.28.1-py3-none-any.whl (73 kB)
Using cached httpcore-1.0.9-py3-none-any.whl (78 kB)
Using cached tokenizers-0.22.2-cp39-abi3-win_amd64.whl (2.7 MB)
Downloading accelerate-1.14.0-py3-none-any.whl (389 kB)
Downloading safetensors-0.8.0-cp310-abi3-win_amd64.whl (355 kB)
Downloading pyarrow-24.0.0-cp312-cp312-win_amd64.whl (27.4 MB)
   ---------------------------------------- 27.4/27.4 MB 7.8 MB/s  0:00:03
Downloading numpy-2.5.1-cp312-cp312-win_amd64.whl (12.4 MB)
   ---------------------------------------- 12.4/12.4 MB 8.4 MB/s  0:00:01
Downloading matplotlib-3.11.0-cp312-cp312-win_amd64.whl (9.3 MB)
   ---------------------------------------- 9.3/9.3 MB 8.3 MB/s  0:00:01
Downloading tqdm-4.68.3-py3-none-any.whl (78 kB)
Downloading pandas-3.0.3-cp312-cp312-win_amd64.whl (9.8 MB)
   ---------------------------------------- 9.8/9.8 MB 8.0 MB/s  0:00:01
Downloading pyyaml-6.0.3-cp312-cp312-win_amd64.whl (154 kB)
Downloading contourpy-1.3.3-cp312-cp312-win_amd64.whl (226 kB)
Using cached cycler-0.12.1-py3-none-any.whl (8.3 kB)
Downloading fonttools-4.63.0-cp312-cp312-win_amd64.whl (2.3 MB)
   ---------------------------------------- 2.3/2.3 MB 8.3 MB/s  0:00:00
Using cached h11-0.16.0-py3-none-any.whl (37 kB)
Downloading kiwisolver-1.5.0-cp312-cp312-win_amd64.whl (73 kB)
Downloading packaging-26.2-py3-none-any.whl (100 kB)
Downloading pillow-12.3.0-cp312-cp312-win_amd64.whl (7.2 MB)
   ---------------------------------------- 7.2/7.2 MB 8.0 MB/s  0:00:00
Downloading pyparsing-3.3.2-py3-none-any.whl (122 kB)
Using cached python_dateutil-2.9.0.post0-py2.py3-none-any.whl (229 kB)
Downloading regex-2026.6.28-cp312-cp312-win_amd64.whl (277 kB)
Using cached six-1.17.0-py2.py3-none-any.whl (11 kB)
Downloading anyio-4.14.1-py3-none-any.whl (124 kB)
Downloading idna-3.18-py3-none-any.whl (65 kB)
Downloading certifi-2026.6.17-py3-none-any.whl (133 kB)
Using cached colorama-0.4.6-py2.py3-none-any.whl (25 kB)
Downloading psutil-7.2.2-cp37-abi3-win_amd64.whl (137 kB)
Downloading typer-0.26.8-py3-none-any.whl (122 kB)
Using cached annotated_doc-0.0.4-py3-none-any.whl (5.3 kB)
Downloading rich-15.0.0-py3-none-any.whl (310 kB)
Downloading pygments-2.20.0-py3-none-any.whl (1.2 MB)
   ---------------------------------------- 1.2/1.2 MB 8.9 MB/s  0:00:00
Downloading markdown_it_py-4.2.0-py3-none-any.whl (91 kB)
Using cached mdurl-0.1.2-py3-none-any.whl (10.0 kB)
Using cached shellingham-1.5.4-py2.py3-none-any.whl (9.8 kB)
Downloading tzdata-2026.2-py2.py3-none-any.whl (349 kB)
Installing collected packages: tzdata, six, shellingham, safetensors, regex, pyyaml, pyparsing, pygments, pyarrow, psutil, pillow, packaging, numpy, mdurl, kiwisolver, idna, hf-xet, h11, fonttools, cycler, colorama, certifi, annotated-doc, tqdm, python-dateutil, markdown-it-py, httpcore, contourpy, click, anyio, rich, pandas, matplotlib, httpx, typer, huggingface-hub, tokenizers, accelerate, transformers

Successfully installed accelerate-1.14.0 annotated-doc-0.0.4 anyio-4.14.1 certifi-2026.6.17 click-8.4.2 colorama-0.4.6 contourpy-1.3.3 cycler-0.12.1 fonttools-4.63.0 h11-0.16.0 hf-xet-1.5.1 httpcore-1.0.9 httpx-0.28.1 huggingface-hub-1.22.0 idna-3.18 kiwisolver-1.5.0 markdown-it-py-4.2.0 matplotlib-3.11.0 mdurl-0.1.2 numpy-2.5.1 packaging-26.2 pandas-3.0.3 pillow-12.3.0 psutil-7.2.2 pyarrow-24.0.0 pygments-2.20.0 pyparsing-3.3.2 python-dateutil-2.9.0.post0 pyyaml-6.0.3 regex-2026.6.28 rich-15.0.0 safetensors-0.8.0 shellingham-1.5.4 six-1.17.0 tokenizers-0.22.2 tqdm-4.68.3 transformers-5.13.0 typer-0.26.8 tzdata-2026.2
